Laufwache 27.08.2026 10:41
OK Versorgungsforschung: 10:35 Uhr gelaufen.
OK Hitze, Klima & Gesundheit: 10:35 Uhr gelaufen.
OK Digitalisierung, KI & Gesundheit: 10:35 Uhr gelaufen.
OK Pflege & Langzeitversorgung: 10:35 Uhr gelaufen.
OK Gesundes Altern & Longevity: 10:35 Uhr gelaufen.
OK Gesundheitskompetenz: 10:35 Uhr gelaufen.
OK Impfen & Impfpraevention: 10:35 Uhr gelaufen.
OK Nicht uebertragbare Krankheiten: 10:35 Uhr gelaufen.
OK Geschlechtersensible Medizin: 10:35 Uhr gelaufen.
OK Adipositas: 10:35 Uhr gelaufen.
OK Patientensicherheit: 10:35 Uhr gelaufen.
OK Psychische Gesundheit: 10:35 Uhr gelaufen.
!! Sammelbericht: KEIN Lauf heute - nicht angestossen (--trocken)

Laufwache 27.08.2026 10:42
OK Versorgungsforschung: 10:35 Uhr gelaufen.
OK Hitze, Klima & Gesundheit: 10:35 Uhr gelaufen.
OK Digitalisierung, KI & Gesundheit: 10:35 Uhr gelaufen.
OK Pflege & Langzeitversorgung: 10:35 Uhr gelaufen.
OK Gesundes Altern & Longevity: 10:35 Uhr gelaufen.
OK Gesundheitskompetenz: 10:35 Uhr gelaufen.
OK Impfen & Impfpraevention: 10:35 Uhr gelaufen.
OK Nicht uebertragbare Krankheiten: 10:35 Uhr gelaufen.
OK Geschlechtersensible Medizin: 10:35 Uhr gelaufen.
OK Adipositas: 10:35 Uhr gelaufen.
OK Patientensicherheit: 10:35 Uhr gelaufen.
OK Psychische Gesundheit: 10:35 Uhr gelaufen.
!! Sammelbericht: KEIN Lauf heute - angestossen

Laufwache 28.08.2026 09:00
!! Versorgungsforschung: KEIN Lauf heute - angestossen
!! Hitze, Klima & Gesundheit: KEIN Lauf heute - angestossen
!! Digitalisierung, KI & Gesundheit: KEIN Lauf heute - angestossen
!! Pflege & Langzeitversorgung: KEIN Lauf heute - angestossen
!! Gesundes Altern & Longevity: KEIN Lauf heute - angestossen
!! Gesundheitskompetenz: KEIN Lauf heute - angestossen
!! Impfen & Impfpraevention: KEIN Lauf heute - angestossen
!! Nicht uebertragbare Krankheiten: KEIN Lauf heute - angestossen
!! Geschlechtersensible Medizin: KEIN Lauf heute - angestossen
!! Adipositas: KEIN Lauf heute - angestossen
!! Patientensicherheit: KEIN Lauf heute - angestossen
!! Psychische Gesundheit: KEIN Lauf heute - angestossen
!! Sammelbericht: KEIN Lauf heute - angestossen

Laufwache 29.08.2026 08:52
OK Versorgungsforschung: 07:06 Uhr gelaufen.
!! Hitze, Klima & Gesundheit: fehlgeschlagen - angestossen
!! Digitalisierung, KI & Gesundheit: fehlgeschlagen - angestossen
!! Pflege & Langzeitversorgung: fehlgeschlagen - angestossen
!! Gesundes Altern & Longevity: fehlgeschlagen - angestossen
!! Gesundheitskompetenz: fehlgeschlagen - angestossen
!! Impfen & Impfpraevention: fehlgeschlagen - angestossen
!! Nicht uebertragbare Krankheiten: fehlgeschlagen - angestossen
!! Geschlechtersensible Medizin: fehlgeschlagen - angestossen
!! Adipositas: fehlgeschlagen - angestossen
!! Patientensicherheit: fehlgeschlagen - angestossen
!! Psychische Gesundheit: fehlgeschlagen - angestossen
OK Sammelbericht: 05:52 Uhr gelaufen.

Laufwache 29.08.2026 09:00
OK Versorgungsforschung: 07:06 Uhr gelaufen.
!! Hitze, Klima & Gesundheit: fehlgeschlagen - angestossen
!! Digitalisierung, KI & Gesundheit: fehlgeschlagen - angestossen
!! Pflege & Langzeitversorgung: fehlgeschlagen - angestossen
!! Gesundes Altern & Longevity: fehlgeschlagen - angestossen
…  Gesundheitskompetenz: laeuft gerade (09:00 Uhr).
…  Impfen & Impfpraevention: laeuft gerade (09:00 Uhr).
!! Nicht uebertragbare Krankheiten: fehlgeschlagen - angestossen
…  Geschlechtersensible Medizin: laeuft gerade (09:00 Uhr).
…  Adipositas: laeuft gerade (09:00 Uhr).
!! Patientensicherheit: fehlgeschlagen - angestossen
…  Psychische Gesundheit: laeuft gerade (09:00 Uhr).
OK Sammelbericht: 05:52 Uhr gelaufen.

Laufwache 30.08.2026 09:00
OK Versorgungsforschung: 07:06 Uhr gelaufen.
OK Hitze, Klima & Gesundheit: 07:09 Uhr gelaufen.
OK Digitalisierung, KI & Gesundheit: 07:13 Uhr gelaufen.
OK Pflege & Langzeitversorgung: 07:18 Uhr gelaufen.
OK Gesundes Altern & Longevity: 07:21 Uhr gelaufen.
OK Gesundheitskompetenz: 07:27 Uhr gelaufen.
OK Impfen & Impfpraevention: 07:31 Uhr gelaufen.
OK Nicht uebertragbare Krankheiten: 07:38 Uhr gelaufen.
OK Geschlechtersensible Medizin: 07:36 Uhr gelaufen.
OK Adipositas: 07:47 Uhr gelaufen.
OK Patientensicherheit: 07:47 Uhr gelaufen.
OK Psychische Gesundheit: 07:53 Uhr gelaufen.
OK Sammelbericht: 05:52 Uhr gelaufen.

Laufwache 30.08.2026 09:06
OK Versorgungsforschung: 07:06 Uhr gelaufen.
OK Hitze, Klima & Gesundheit: 07:09 Uhr gelaufen.
OK Digitalisierung, KI & Gesundheit: 07:13 Uhr gelaufen.
OK Pflege & Langzeitversorgung: 07:18 Uhr gelaufen.
OK Gesundes Altern & Longevity: 07:21 Uhr gelaufen.
OK Gesundheitskompetenz: 07:27 Uhr gelaufen.
OK Impfen & Impfpraevention: 07:31 Uhr gelaufen.
OK Nicht uebertragbare Krankheiten: 07:38 Uhr gelaufen.
OK Geschlechtersensible Medizin: 07:36 Uhr gelaufen.
OK Adipositas: 07:47 Uhr gelaufen.
OK Patientensicherheit: 07:47 Uhr gelaufen.
OK Psychische Gesundheit: 07:53 Uhr gelaufen.
OK Sammelbericht: 05:52 Uhr gelaufen.

Laufwache 12.09.2026 08:44
OK Versorgungsforschung: 06:20 Uhr gelaufen.
OK Hitze, Klima & Gesundheit: 06:20 Uhr gelaufen.
OK Digitalisierung, KI & Gesundheit: 06:20 Uhr gelaufen.
OK Pflege & Langzeitversorgung: 06:20 Uhr gelaufen.
OK Gesundes Altern & Longevity: 06:20 Uhr gelaufen.
OK Gesundheitskompetenz: 06:20 Uhr gelaufen.
OK Impfen & Impfpraevention: 06:20 Uhr gelaufen.
OK Nicht uebertragbare Krankheiten: 06:20 Uhr gelaufen.
OK Geschlechtersensible Medizin: 06:20 Uhr gelaufen.
OK Adipositas: 06:20 Uhr gelaufen.
OK Patientensicherheit: 06:20 Uhr gelaufen.
OK Psychische Gesundheit: 06:20 Uhr gelaufen.
OK Onkologie: 06:20 Uhr gelaufen.
OK Kardiologie: 06:20 Uhr gelaufen.
OK Diabetes: 06:20 Uhr gelaufen.
OK Sammelbericht: 06:24 Uhr gelaufen.

Laufwache 12.09.2026 09:00
OK Versorgungsforschung: 06:20 Uhr gelaufen.
OK Hitze, Klima & Gesundheit: 06:20 Uhr gelaufen.
OK Digitalisierung, KI & Gesundheit: 06:20 Uhr gelaufen.
OK Pflege & Langzeitversorgung: 06:20 Uhr gelaufen.
OK Gesundes Altern & Longevity: 06:20 Uhr gelaufen.
OK Gesundheitskompetenz: 06:20 Uhr gelaufen.
OK Impfen & Impfpraevention: 06:20 Uhr gelaufen.
OK Nicht uebertragbare Krankheiten: 06:20 Uhr gelaufen.
OK Geschlechtersensible Medizin: 06:20 Uhr gelaufen.
OK Adipositas: 06:20 Uhr gelaufen.
OK Patientensicherheit: 06:20 Uhr gelaufen.
OK Psychische Gesundheit: 06:20 Uhr gelaufen.
OK Onkologie: 06:20 Uhr gelaufen.
OK Kardiologie: 06:20 Uhr gelaufen.
OK Diabetes: 06:20 Uhr gelaufen.
OK Sammelbericht: 06:24 Uhr gelaufen.

Laufwache 13.09.2026 08:30
!! Versorgungsforschung: KEIN Lauf heute - angestossen
!! Hitze, Klima & Gesundheit: KEIN Lauf heute - angestossen
!! Digitalisierung, KI & Gesundheit: KEIN Lauf heute - angestossen
…  Pflege & Langzeitversorgung: laeuft gerade (08:30 Uhr).
…  Gesundes Altern & Longevity: laeuft gerade (08:30 Uhr).
…  Gesundheitskompetenz: laeuft gerade (08:30 Uhr).
…  Impfen & Impfpraevention: laeuft gerade (08:30 Uhr).
…  Nicht uebertragbare Krankheiten: laeuft gerade (08:30 Uhr).
…  Geschlechtersensible Medizin: laeuft gerade (08:30 Uhr).
…  Adipositas: laeuft gerade (08:30 Uhr).
…  Patientensicherheit: laeuft gerade (08:30 Uhr).
…  Psychische Gesundheit: laeuft gerade (08:30 Uhr).
…  Onkologie: laeuft gerade (08:30 Uhr).
…  Kardiologie: laeuft gerade (08:30 Uhr).
…  Diabetes: laeuft gerade (08:30 Uhr).
!! Sammelbericht: KEIN Lauf heute - angestossen

Laufwache 13.09.2026 09:00
OK Versorgungsforschung: 08:30 Uhr gelaufen.
OK Hitze, Klima & Gesundheit: 08:30 Uhr gelaufen.
OK Digitalisierung, KI & Gesundheit: 08:30 Uhr gelaufen.
OK Pflege & Langzeitversorgung: 08:30 Uhr gelaufen.
OK Gesundes Altern & Longevity: 08:30 Uhr gelaufen.
OK Gesundheitskompetenz: 08:30 Uhr gelaufen.
OK Impfen & Impfpraevention: 08:30 Uhr gelaufen.
OK Nicht uebertragbare Krankheiten: 08:30 Uhr gelaufen.
OK Geschlechtersensible Medizin: 08:30 Uhr gelaufen.
OK Adipositas: 08:30 Uhr gelaufen.
OK Patientensicherheit: 08:30 Uhr gelaufen.
OK Psychische Gesundheit: 08:30 Uhr gelaufen.
OK Onkologie: 08:30 Uhr gelaufen.
OK Kardiologie: 08:30 Uhr gelaufen.
OK Diabetes: 08:30 Uhr gelaufen.
OK Sammelbericht: 08:34 Uhr gelaufen.

Laufwache 13.09.2026 10:55
OK Versorgungsforschung: 10:08 Uhr gelaufen.
OK Hitze, Klima & Gesundheit: 10:13 Uhr gelaufen.
OK Digitalisierung, KI & Gesundheit: 10:14 Uhr gelaufen.
OK Pflege & Langzeitversorgung: 10:21 Uhr gelaufen.
OK Gesundes Altern & Longevity: 10:24 Uhr gelaufen.
OK Gesundheitskompetenz: 10:25 Uhr gelaufen.
OK Impfen & Impfpraevention: 10:25 Uhr gelaufen.
OK Nicht uebertragbare Krankheiten: 10:26 Uhr gelaufen.
OK Geschlechtersensible Medizin: 10:30 Uhr gelaufen.
OK Adipositas: 10:31 Uhr gelaufen.
OK Patientensicherheit: 10:32 Uhr gelaufen.
OK Psychische Gesundheit: 10:33 Uhr gelaufen.
OK Onkologie: 10:30 Uhr gelaufen.
OK Kardiologie: 10:27 Uhr gelaufen.
OK Diabetes: 10:13 Uhr gelaufen.
OK Sammelbericht: 08:34 Uhr gelaufen.

Laufwache 14.09.2026 07:16
OK Versorgungsforschung: 06:20 Uhr gelaufen.
OK Hitze, Klima & Gesundheit: 06:20 Uhr gelaufen.
OK Digitalisierung, KI & Gesundheit: 06:20 Uhr gelaufen.
OK Pflege & Langzeitversorgung: 06:20 Uhr gelaufen.
OK Gesundes Altern & Longevity: 06:20 Uhr gelaufen.
OK Gesundheitskompetenz: 06:20 Uhr gelaufen.
OK Impfen & Impfpraevention: 06:20 Uhr gelaufen.
OK Nicht uebertragbare Krankheiten: 06:20 Uhr gelaufen.
OK Geschlechtersensible Medizin: 06:20 Uhr gelaufen.
OK Adipositas: 06:20 Uhr gelaufen.
OK Patientensicherheit: 06:20 Uhr gelaufen.
OK Psychische Gesundheit: 06:20 Uhr gelaufen.
!! Onkologie: fehlgeschlagen - angestossen
!! Kardiologie: fehlgeschlagen - angestossen
!! Diabetes: fehlgeschlagen - angestossen
OK Sammelbericht: 06:24 Uhr gelaufen.

Laufwache 14.09.2026 09:00
OK Versorgungsforschung: 06:20 Uhr gelaufen.
OK Hitze, Klima & Gesundheit: 06:20 Uhr gelaufen.
OK Digitalisierung, KI & Gesundheit: 06:20 Uhr gelaufen.
OK Pflege & Langzeitversorgung: 06:20 Uhr gelaufen.
OK Gesundes Altern & Longevity: 06:20 Uhr gelaufen.
OK Gesundheitskompetenz: 06:20 Uhr gelaufen.
OK Impfen & Impfpraevention: 06:20 Uhr gelaufen.
OK Nicht uebertragbare Krankheiten: 06:20 Uhr gelaufen.
OK Geschlechtersensible Medizin: 06:20 Uhr gelaufen.
OK Adipositas: 06:20 Uhr gelaufen.
OK Patientensicherheit: 06:20 Uhr gelaufen.
OK Psychische Gesundheit: 06:20 Uhr gelaufen.
OK Onkologie: 08:26 Uhr gelaufen.
OK Kardiologie: 08:26 Uhr gelaufen.
OK Diabetes: 08:26 Uhr gelaufen.
OK Sammelbericht: 06:24 Uhr gelaufen.

Laufwache 15.09.2026 08:38
OK Versorgungsforschung: 06:20 Uhr gelaufen.
OK Hitze, Klima & Gesundheit: 06:20 Uhr gelaufen.
OK Digitalisierung, KI & Gesundheit: 06:20 Uhr gelaufen.
OK Pflege & Langzeitversorgung: 06:20 Uhr gelaufen.
OK Gesundes Altern & Longevity: 06:20 Uhr gelaufen.
OK Gesundheitskompetenz: 06:20 Uhr gelaufen.
OK Impfen & Impfpraevention: 06:20 Uhr gelaufen.
OK Nicht uebertragbare Krankheiten: 06:20 Uhr gelaufen.
OK Geschlechtersensible Medizin: 06:20 Uhr gelaufen.
OK Adipositas: 06:20 Uhr gelaufen.
OK Patientensicherheit: 06:20 Uhr gelaufen.
OK Psychische Gesundheit: 06:20 Uhr gelaufen.
OK Onkologie: 06:20 Uhr gelaufen.
OK Kardiologie: 06:20 Uhr gelaufen.
OK Diabetes: 06:20 Uhr gelaufen.
OK Sammelbericht: 06:24 Uhr gelaufen.

Laufwache 15.09.2026 09:00
OK Versorgungsforschung: 06:20 Uhr gelaufen.
OK Hitze, Klima & Gesundheit: 06:20 Uhr gelaufen.
OK Digitalisierung, KI & Gesundheit: 06:20 Uhr gelaufen.
OK Pflege & Langzeitversorgung: 06:20 Uhr gelaufen.
OK Gesundes Altern & Longevity: 06:20 Uhr gelaufen.
OK Gesundheitskompetenz: 06:20 Uhr gelaufen.
OK Impfen & Impfpraevention: 06:20 Uhr gelaufen.
OK Nicht uebertragbare Krankheiten: 06:20 Uhr gelaufen.
OK Geschlechtersensible Medizin: 06:20 Uhr gelaufen.
OK Adipositas: 06:20 Uhr gelaufen.
OK Patientensicherheit: 06:20 Uhr gelaufen.
OK Psychische Gesundheit: 06:20 Uhr gelaufen.
OK Onkologie: 06:20 Uhr gelaufen.
OK Kardiologie: 06:20 Uhr gelaufen.
OK Diabetes: 06:20 Uhr gelaufen.
OK Sammelbericht: 06:24 Uhr gelaufen.

Laufwache 16.09.2026 09:00
OK Versorgungsforschung: 06:20 Uhr gelaufen.
OK Hitze, Klima & Gesundheit: 06:20 Uhr gelaufen.
OK Digitalisierung, KI & Gesundheit: 06:20 Uhr gelaufen.
OK Pflege & Langzeitversorgung: 06:20 Uhr gelaufen.
OK Gesundes Altern & Longevity: 06:20 Uhr gelaufen.
OK Gesundheitskompetenz: 06:20 Uhr gelaufen.
OK Impfen & Impfpraevention: 06:20 Uhr gelaufen.
OK Nicht uebertragbare Krankheiten: 06:20 Uhr gelaufen.
OK Geschlechtersensible Medizin: 06:20 Uhr gelaufen.
OK Adipositas: 06:20 Uhr gelaufen.
OK Patientensicherheit: 06:20 Uhr gelaufen.
OK Psychische Gesundheit: 06:20 Uhr gelaufen.
OK Onkologie: 06:20 Uhr gelaufen.
OK Kardiologie: 06:20 Uhr gelaufen.
OK Diabetes: 06:20 Uhr gelaufen.
OK Sammelbericht: 06:24 Uhr gelaufen.

Laufwache 17.09.2026 08:52
OK Versorgungsforschung: 06:20 Uhr gelaufen.
OK Hitze, Klima & Gesundheit: 06:20 Uhr gelaufen.
OK Digitalisierung, KI & Gesundheit: 06:20 Uhr gelaufen.
OK Pflege & Langzeitversorgung: 06:20 Uhr gelaufen.
OK Gesundes Altern & Longevity: 06:20 Uhr gelaufen.
OK Gesundheitskompetenz: 06:20 Uhr gelaufen.
OK Impfen & Impfpraevention: 06:20 Uhr gelaufen.
OK Nicht uebertragbare Krankheiten: 06:20 Uhr gelaufen.
OK Geschlechtersensible Medizin: 06:20 Uhr gelaufen.
OK Adipositas: 06:20 Uhr gelaufen.
OK Patientensicherheit: 06:20 Uhr gelaufen.
OK Psychische Gesundheit: 06:20 Uhr gelaufen.
OK Onkologie: 06:20 Uhr gelaufen.
OK Kardiologie: 06:20 Uhr gelaufen.
OK Diabetes: 06:20 Uhr gelaufen.
OK Sammelbericht: 06:24 Uhr gelaufen.

Laufwache 17.09.2026 09:00
OK Versorgungsforschung: 06:20 Uhr gelaufen.
OK Hitze, Klima & Gesundheit: 06:20 Uhr gelaufen.
OK Digitalisierung, KI & Gesundheit: 06:20 Uhr gelaufen.
OK Pflege & Langzeitversorgung: 06:20 Uhr gelaufen.
OK Gesundes Altern & Longevity: 06:20 Uhr gelaufen.
OK Gesundheitskompetenz: 06:20 Uhr gelaufen.
OK Impfen & Impfpraevention: 06:20 Uhr gelaufen.
OK Nicht uebertragbare Krankheiten: 06:20 Uhr gelaufen.
OK Geschlechtersensible Medizin: 06:20 Uhr gelaufen.
OK Adipositas: 06:20 Uhr gelaufen.
OK Patientensicherheit: 06:20 Uhr gelaufen.
OK Psychische Gesundheit: 06:20 Uhr gelaufen.
OK Onkologie: 06:20 Uhr gelaufen.
OK Kardiologie: 06:20 Uhr gelaufen.
OK Diabetes: 06:20 Uhr gelaufen.
OK Sammelbericht: 06:24 Uhr gelaufen.

Laufwache 18.09.2026 08:48
OK Versorgungsforschung: 06:20 Uhr gelaufen.
OK Hitze, Klima & Gesundheit: 06:20 Uhr gelaufen.
OK Digitalisierung, KI & Gesundheit: 06:20 Uhr gelaufen.
OK Pflege & Langzeitversorgung: 06:20 Uhr gelaufen.
OK Gesundes Altern & Longevity: 06:20 Uhr gelaufen.
OK Gesundheitskompetenz: 06:20 Uhr gelaufen.
OK Impfen & Impfpraevention: 06:20 Uhr gelaufen.
OK Nicht uebertragbare Krankheiten: 06:20 Uhr gelaufen.
OK Geschlechtersensible Medizin: 06:20 Uhr gelaufen.
OK Adipositas: 06:20 Uhr gelaufen.
OK Patientensicherheit: 06:20 Uhr gelaufen.
OK Psychische Gesundheit: 06:20 Uhr gelaufen.
OK Onkologie: 06:20 Uhr gelaufen.
OK Kardiologie: 06:20 Uhr gelaufen.
OK Diabetes: 06:20 Uhr gelaufen.
OK Sammelbericht: 06:24 Uhr gelaufen.

Laufwache 18.09.2026 09:00
OK Versorgungsforschung: 06:20 Uhr gelaufen.
OK Hitze, Klima & Gesundheit: 06:20 Uhr gelaufen.
OK Digitalisierung, KI & Gesundheit: 06:20 Uhr gelaufen.
OK Pflege & Langzeitversorgung: 06:20 Uhr gelaufen.
OK Gesundes Altern & Longevity: 06:20 Uhr gelaufen.
OK Gesundheitskompetenz: 06:20 Uhr gelaufen.
OK Impfen & Impfpraevention: 06:20 Uhr gelaufen.
OK Nicht uebertragbare Krankheiten: 06:20 Uhr gelaufen.
OK Geschlechtersensible Medizin: 06:20 Uhr gelaufen.
OK Adipositas: 06:20 Uhr gelaufen.
OK Patientensicherheit: 06:20 Uhr gelaufen.
OK Psychische Gesundheit: 06:20 Uhr gelaufen.
OK Onkologie: 06:20 Uhr gelaufen.
OK Kardiologie: 06:20 Uhr gelaufen.
OK Diabetes: 06:20 Uhr gelaufen.
OK Sammelbericht: 06:24 Uhr gelaufen.

Laufwache 19.09.2026 09:16
OK Versorgungsforschung: 06:20 Uhr gelaufen.
OK Hitze, Klima & Gesundheit: 06:20 Uhr gelaufen.
OK Digitalisierung, KI & Gesundheit: 06:20 Uhr gelaufen.
OK Pflege & Langzeitversorgung: 06:20 Uhr gelaufen.
OK Gesundes Altern & Longevity: 06:20 Uhr gelaufen.
OK Gesundheitskompetenz: 06:20 Uhr gelaufen.
OK Impfen & Impfpraevention: 06:20 Uhr gelaufen.
OK Nicht uebertragbare Krankheiten: 06:20 Uhr gelaufen.
OK Geschlechtersensible Medizin: 06:20 Uhr gelaufen.
OK Adipositas: 06:20 Uhr gelaufen.
OK Patientensicherheit: 06:20 Uhr gelaufen.
OK Psychische Gesundheit: 06:20 Uhr gelaufen.
OK Onkologie: 06:20 Uhr gelaufen.
OK Kardiologie: 06:20 Uhr gelaufen.
OK Diabetes: 06:20 Uhr gelaufen.
OK Sammelbericht: 06:24 Uhr gelaufen.

Laufwache 21.09.2026 06:00
!! Versorgungsforschung: KEIN Lauf heute - angestossen
!! Hitze, Klima & Gesundheit: KEIN Lauf heute - angestossen
!! Digitalisierung, KI & Gesundheit: KEIN Lauf heute - angestossen
!! Pflege & Langzeitversorgung: KEIN Lauf heute - angestossen
!! Gesundes Altern & Longevity: KEIN Lauf heute - angestossen
!! Gesundheitskompetenz: KEIN Lauf heute - angestossen
!! Impfen & Impfpraevention: KEIN Lauf heute - angestossen
!! Nicht uebertragbare Krankheiten: KEIN Lauf heute - angestossen
!! Geschlechtersensible Medizin: KEIN Lauf heute - angestossen
!! Adipositas: KEIN Lauf heute - angestossen
!! Patientensicherheit: KEIN Lauf heute - angestossen
!! Psychische Gesundheit: KEIN Lauf heute - angestossen
!! Onkologie: KEIN Lauf heute - angestossen
!! Kardiologie: KEIN Lauf heute - angestossen
!! Diabetes: KEIN Lauf heute - angestossen
!! Sammelbericht: KEIN Lauf heute - angestossen

Laufwache 21.09.2026 08:36
OK Versorgungsforschung: 06:20 Uhr gelaufen.
OK Hitze, Klima & Gesundheit: 06:20 Uhr gelaufen.
OK Digitalisierung, KI & Gesundheit: 06:20 Uhr gelaufen.
OK Pflege & Langzeitversorgung: 06:20 Uhr gelaufen.
OK Gesundes Altern & Longevity: 06:20 Uhr gelaufen.
OK Gesundheitskompetenz: 06:20 Uhr gelaufen.
OK Impfen & Impfpraevention: 06:20 Uhr gelaufen.
OK Nicht uebertragbare Krankheiten: 06:20 Uhr gelaufen.
OK Geschlechtersensible Medizin: 06:20 Uhr gelaufen.
OK Adipositas: 06:20 Uhr gelaufen.
OK Patientensicherheit: 06:20 Uhr gelaufen.
OK Psychische Gesundheit: 06:20 Uhr gelaufen.
OK Onkologie: 06:20 Uhr gelaufen.
OK Kardiologie: 06:20 Uhr gelaufen.
OK Diabetes: 06:20 Uhr gelaufen.
OK Sammelbericht: 06:24 Uhr gelaufen.

Laufwache 21.09.2026 08:37
OK Versorgungsforschung: 06:20 Uhr gelaufen.
OK Hitze, Klima & Gesundheit: 06:20 Uhr gelaufen.
OK Digitalisierung, KI & Gesundheit: 06:20 Uhr gelaufen.
OK Pflege & Langzeitversorgung: 06:20 Uhr gelaufen.
OK Gesundes Altern & Longevity: 06:20 Uhr gelaufen.
OK Gesundheitskompetenz: 06:20 Uhr gelaufen.
OK Impfen & Impfpraevention: 06:20 Uhr gelaufen.
OK Nicht uebertragbare Krankheiten: 06:20 Uhr gelaufen.
OK Geschlechtersensible Medizin: 06:20 Uhr gelaufen.
OK Adipositas: 06:20 Uhr gelaufen.
OK Patientensicherheit: 06:20 Uhr gelaufen.
OK Psychische Gesundheit: 06:20 Uhr gelaufen.
OK Onkologie: 06:20 Uhr gelaufen.
OK Kardiologie: 06:20 Uhr gelaufen.
OK Diabetes: 06:20 Uhr gelaufen.
OK Sammelbericht: 06:24 Uhr gelaufen.

Laufwache 21.09.2026 09:00
OK Versorgungsforschung: 06:20 Uhr gelaufen.
OK Hitze, Klima & Gesundheit: 06:20 Uhr gelaufen.
OK Digitalisierung, KI & Gesundheit: 06:20 Uhr gelaufen.
OK Pflege & Langzeitversorgung: 06:20 Uhr gelaufen.
OK Gesundes Altern & Longevity: 06:20 Uhr gelaufen.
OK Gesundheitskompetenz: 06:20 Uhr gelaufen.
OK Impfen & Impfpraevention: 06:20 Uhr gelaufen.
OK Nicht uebertragbare Krankheiten: 06:20 Uhr gelaufen.
OK Geschlechtersensible Medizin: 06:20 Uhr gelaufen.
OK Adipositas: 06:20 Uhr gelaufen.
OK Patientensicherheit: 06:20 Uhr gelaufen.
OK Psychische Gesundheit: 06:20 Uhr gelaufen.
OK Onkologie: 06:20 Uhr gelaufen.
OK Kardiologie: 06:20 Uhr gelaufen.
OK Diabetes: 06:20 Uhr gelaufen.
OK Sammelbericht: 06:24 Uhr gelaufen.

Laufwache 22.09.2026 07:53
OK Versorgungsforschung: 06:20 Uhr gelaufen.
OK Hitze, Klima & Gesundheit: 06:20 Uhr gelaufen.
OK Digitalisierung, KI & Gesundheit: 06:20 Uhr gelaufen.
OK Pflege & Langzeitversorgung: 06:20 Uhr gelaufen.
OK Gesundes Altern & Longevity: 06:20 Uhr gelaufen.
OK Gesundheitskompetenz: 06:20 Uhr gelaufen.
OK Impfen & Impfpraevention: 06:20 Uhr gelaufen.
OK Nicht uebertragbare Krankheiten: 06:20 Uhr gelaufen.
OK Geschlechtersensible Medizin: 06:20 Uhr gelaufen.
OK Adipositas: 06:20 Uhr gelaufen.
OK Patientensicherheit: 06:20 Uhr gelaufen.
OK Psychische Gesundheit: 06:20 Uhr gelaufen.
OK Onkologie: 06:20 Uhr gelaufen.
OK Kardiologie: 06:20 Uhr gelaufen.
OK Diabetes: 06:20 Uhr gelaufen.
OK Sammelbericht: 06:24 Uhr gelaufen.

Laufwache 22.09.2026 09:00
OK Versorgungsforschung: 06:20 Uhr gelaufen.
OK Hitze, Klima & Gesundheit: 06:20 Uhr gelaufen.
OK Digitalisierung, KI & Gesundheit: 06:20 Uhr gelaufen.
OK Pflege & Langzeitversorgung: 06:20 Uhr gelaufen.
OK Gesundes Altern & Longevity: 06:20 Uhr gelaufen.
OK Gesundheitskompetenz: 06:20 Uhr gelaufen.
OK Impfen & Impfpraevention: 06:20 Uhr gelaufen.
OK Nicht uebertragbare Krankheiten: 06:20 Uhr gelaufen.
OK Geschlechtersensible Medizin: 06:20 Uhr gelaufen.
OK Adipositas: 06:20 Uhr gelaufen.
OK Patientensicherheit: 06:20 Uhr gelaufen.
OK Psychische Gesundheit: 06:20 Uhr gelaufen.
OK Onkologie: 06:20 Uhr gelaufen.
OK Kardiologie: 06:20 Uhr gelaufen.
OK Diabetes: 06:20 Uhr gelaufen.
OK Sammelbericht: 06:24 Uhr gelaufen.

Laufwache 23.09.2026 06:00
!! Versorgungsforschung: KEIN Lauf heute - angestossen
!! Hitze, Klima & Gesundheit: KEIN Lauf heute - angestossen
!! Digitalisierung, KI & Gesundheit: KEIN Lauf heute - angestossen
!! Pflege & Langzeitversorgung: KEIN Lauf heute - angestossen
!! Gesundes Altern & Longevity: KEIN Lauf heute - angestossen
!! Gesundheitskompetenz: KEIN Lauf heute - angestossen
!! Impfen & Impfpraevention: KEIN Lauf heute - angestossen
!! Nicht uebertragbare Krankheiten: KEIN Lauf heute - angestossen
!! Geschlechtersensible Medizin: KEIN Lauf heute - angestossen
!! Adipositas: KEIN Lauf heute - angestossen
!! Patientensicherheit: KEIN Lauf heute - angestossen
!! Psychische Gesundheit: KEIN Lauf heute - angestossen
!! Onkologie: KEIN Lauf heute - angestossen
!! Kardiologie: KEIN Lauf heute - angestossen
!! Diabetes: KEIN Lauf heute - angestossen
-- Warte auf 15 Hub-Lauf/Laeufe, bevor der Sammelbericht angestossen wird.
-- Alle Hub-Laeufe durch nach 2:37 Minuten.
!! Sammelbericht: nach den Hub-Laeufen neu angestossen

Laufwache 23.09.2026 09:00
OK Versorgungsforschung: 07:25 Uhr gelaufen.
OK Hitze, Klima & Gesundheit: 07:26 Uhr gelaufen.
OK Digitalisierung, KI & Gesundheit: 07:27 Uhr gelaufen.
OK Pflege & Langzeitversorgung: 07:27 Uhr gelaufen.
OK Gesundes Altern & Longevity: 07:27 Uhr gelaufen.
OK Gesundheitskompetenz: 07:28 Uhr gelaufen.
OK Impfen & Impfpraevention: 07:28 Uhr gelaufen.
OK Nicht uebertragbare Krankheiten: 07:29 Uhr gelaufen.
OK Geschlechtersensible Medizin: 07:29 Uhr gelaufen.
OK Adipositas: 07:29 Uhr gelaufen.
OK Patientensicherheit: 07:30 Uhr gelaufen.
OK Psychische Gesundheit: 07:30 Uhr gelaufen.
OK Onkologie: 06:24 Uhr gelaufen.
OK Kardiologie: 06:24 Uhr gelaufen.
OK Diabetes: 06:25 Uhr gelaufen.
OK Sammelbericht: 06:29 Uhr gelaufen.

Laufwache 24.09.2026 06:00
!! Versorgungsforschung: KEIN Lauf heute - angestossen
!! Hitze, Klima & Gesundheit: KEIN Lauf heute - angestossen
!! Digitalisierung, KI & Gesundheit: KEIN Lauf heute - angestossen
!! Pflege & Langzeitversorgung: KEIN Lauf heute - angestossen
!! Gesundes Altern & Longevity: KEIN Lauf heute - angestossen
!! Gesundheitskompetenz: KEIN Lauf heute - angestossen
!! Impfen & Impfpraevention: KEIN Lauf heute - angestossen
!! Nicht uebertragbare Krankheiten: KEIN Lauf heute - angestossen
!! Geschlechtersensible Medizin: KEIN Lauf heute - angestossen
!! Adipositas: KEIN Lauf heute - angestossen
!! Patientensicherheit: KEIN Lauf heute - angestossen
!! Psychische Gesundheit: KEIN Lauf heute - angestossen
!! Onkologie: KEIN Lauf heute - angestossen
!! Kardiologie: KEIN Lauf heute - angestossen
!! Diabetes: KEIN Lauf heute - angestossen
-- Warte auf 15 Hub-Lauf/Laeufe, bevor der Sammelbericht angestossen wird.
-- Alle Hub-Laeufe durch nach 3:28 Minuten.
!! Sammelbericht: nach den Hub-Laeufen neu angestossen

Laufwache 24.09.2026 09:00
OK Versorgungsforschung: 06:20 Uhr gelaufen.
OK Hitze, Klima & Gesundheit: 06:21 Uhr gelaufen.
OK Digitalisierung, KI & Gesundheit: 06:21 Uhr gelaufen.
OK Pflege & Langzeitversorgung: 06:21 Uhr gelaufen.
OK Gesundes Altern & Longevity: 06:22 Uhr gelaufen.
OK Gesundheitskompetenz: 06:22 Uhr gelaufen.
OK Impfen & Impfpraevention: 06:22 Uhr gelaufen.
OK Nicht uebertragbare Krankheiten: 06:23 Uhr gelaufen.
OK Geschlechtersensible Medizin: 06:23 Uhr gelaufen.
OK Adipositas: 06:24 Uhr gelaufen.
OK Patientensicherheit: 06:24 Uhr gelaufen.
OK Psychische Gesundheit: 06:24 Uhr gelaufen.
OK Onkologie: 06:25 Uhr gelaufen.
OK Kardiologie: 06:25 Uhr gelaufen.
OK Diabetes: 06:25 Uhr gelaufen.
OK Sammelbericht: 06:29 Uhr gelaufen.

Laufwache 26.09.2026 09:00
OK Versorgungsforschung: 06:20 Uhr gelaufen.
OK Hitze, Klima & Gesundheit: 06:20 Uhr gelaufen.
OK Digitalisierung, KI & Gesundheit: 06:20 Uhr gelaufen.
OK Pflege & Langzeitversorgung: 06:21 Uhr gelaufen.
OK Gesundes Altern & Longevity: 06:21 Uhr gelaufen.
OK Gesundheitskompetenz: 06:21 Uhr gelaufen.
OK Impfen & Impfpraevention: 06:22 Uhr gelaufen.
OK Nicht uebertragbare Krankheiten: 06:22 Uhr gelaufen.
OK Geschlechtersensible Medizin: 06:23 Uhr gelaufen.
OK Adipositas: 06:23 Uhr gelaufen.
OK Patientensicherheit: 06:23 Uhr gelaufen.
OK Psychische Gesundheit: 06:24 Uhr gelaufen.
OK Onkologie: 06:24 Uhr gelaufen.
OK Kardiologie: 06:24 Uhr gelaufen.
OK Diabetes: 06:25 Uhr gelaufen.
OK Sammelbericht: 06:29 Uhr gelaufen.

Laufwache 27.09.2026 09:46
!! Versorgungsforschung: fehlgeschlagen - angestossen
!! Hitze, Klima & Gesundheit: fehlgeschlagen - angestossen
!! Digitalisierung, KI & Gesundheit: fehlgeschlagen - angestossen
!! Pflege & Langzeitversorgung: fehlgeschlagen - angestossen
!! Gesundes Altern & Longevity: fehlgeschlagen - angestossen
!! Gesundheitskompetenz: fehlgeschlagen - angestossen
!! Impfen & Impfpraevention: fehlgeschlagen - angestossen
!! Nicht uebertragbare Krankheiten: fehlgeschlagen - angestossen
!! Geschlechtersensible Medizin: fehlgeschlagen - angestossen
!! Adipositas: fehlgeschlagen - angestossen
!! Patientensicherheit: fehlgeschlagen - angestossen
!! Psychische Gesundheit: fehlgeschlagen - angestossen
!! Onkologie: fehlgeschlagen - angestossen
!! Kardiologie: fehlgeschlagen - angestossen
!! Diabetes: fehlgeschlagen - angestossen
-- Warte auf 15 Hub-Lauf/Laeufe, bevor der Sammelbericht angestossen wird.
-- Alle Hub-Laeufe durch nach 1:48 Minuten.
!! Sammelbericht: nach den Hub-Laeufen neu angestossen

Laufwache 28.09.2026 06:00
!! Versorgungsforschung: KEIN Lauf heute - angestossen
!! Hitze, Klima & Gesundheit: KEIN Lauf heute - angestossen
!! Digitalisierung, KI & Gesundheit: KEIN Lauf heute - angestossen
!! Pflege & Langzeitversorgung: KEIN Lauf heute - angestossen
!! Gesundes Altern & Longevity: KEIN Lauf heute - angestossen
!! Gesundheitskompetenz: KEIN Lauf heute - angestossen
!! Impfen & Impfpraevention: KEIN Lauf heute - angestossen
!! Nicht uebertragbare Krankheiten: KEIN Lauf heute - angestossen
!! Geschlechtersensible Medizin: KEIN Lauf heute - angestossen
!! Adipositas: KEIN Lauf heute - angestossen
!! Patientensicherheit: KEIN Lauf heute - angestossen
!! Psychische Gesundheit: KEIN Lauf heute - angestossen
!! Onkologie: KEIN Lauf heute - angestossen
!! Kardiologie: KEIN Lauf heute - angestossen
!! Diabetes: KEIN Lauf heute - angestossen
-- Warte auf 15 Hub-Lauf/Laeufe, bevor der Sammelbericht angestossen wird.
-- Alle Hub-Laeufe durch nach 3:27 Minuten.
!! Sammelbericht: nach den Hub-Laeufen neu angestossen

Laufwache 28.09.2026 09:00
OK Versorgungsforschung: 06:20 Uhr gelaufen.
OK Hitze, Klima & Gesundheit: 06:20 Uhr gelaufen.
OK Digitalisierung, KI & Gesundheit: 06:20 Uhr gelaufen.
OK Pflege & Langzeitversorgung: 06:21 Uhr gelaufen.
OK Gesundes Altern & Longevity: 06:21 Uhr gelaufen.
OK Gesundheitskompetenz: 06:22 Uhr gelaufen.
OK Impfen & Impfpraevention: 06:22 Uhr gelaufen.
OK Nicht uebertragbare Krankheiten: 06:22 Uhr gelaufen.
OK Geschlechtersensible Medizin: 06:23 Uhr gelaufen.
OK Adipositas: 06:23 Uhr gelaufen.
OK Patientensicherheit: 06:23 Uhr gelaufen.
OK Psychische Gesundheit: 06:24 Uhr gelaufen.
OK Onkologie: 06:24 Uhr gelaufen.
OK Kardiologie: 06:24 Uhr gelaufen.
OK Diabetes: 06:25 Uhr gelaufen.
OK Sammelbericht: 06:29 Uhr gelaufen.

Laufwache 29.09.2026 09:06
OK Versorgungsforschung: 06:20 Uhr gelaufen.
OK Hitze, Klima & Gesundheit: 06:20 Uhr gelaufen.
OK Digitalisierung, KI & Gesundheit: 06:20 Uhr gelaufen.
OK Pflege & Langzeitversorgung: 06:21 Uhr gelaufen.
OK Gesundes Altern & Longevity: 06:21 Uhr gelaufen.
OK Gesundheitskompetenz: 06:22 Uhr gelaufen.
OK Impfen & Impfpraevention: 06:22 Uhr gelaufen.
OK Nicht uebertragbare Krankheiten: 06:22 Uhr gelaufen.
OK Geschlechtersensible Medizin: 06:23 Uhr gelaufen.
OK Adipositas: 06:23 Uhr gelaufen.
OK Patientensicherheit: 06:23 Uhr gelaufen.
OK Psychische Gesundheit: 06:24 Uhr gelaufen.
OK Onkologie: 06:24 Uhr gelaufen.
OK Kardiologie: 06:25 Uhr gelaufen.
OK Diabetes: 06:25 Uhr gelaufen.
OK Sammelbericht: 06:29 Uhr gelaufen.

Laufwache 30.09.2026 06:00
!! Versorgungsforschung: KEIN Lauf heute - angestossen
!! Hitze, Klima & Gesundheit: KEIN Lauf heute - angestossen
!! Digitalisierung, KI & Gesundheit: KEIN Lauf heute - angestossen
!! Pflege & Langzeitversorgung: KEIN Lauf heute - angestossen
!! Gesundes Altern & Longevity: KEIN Lauf heute - angestossen
!! Gesundheitskompetenz: KEIN Lauf heute - angestossen
!! Impfen & Impfpraevention: KEIN Lauf heute - angestossen
!! Nicht uebertragbare Krankheiten: KEIN Lauf heute - angestossen
!! Geschlechtersensible Medizin: KEIN Lauf heute - angestossen
!! Adipositas: KEIN Lauf heute - angestossen
!! Patientensicherheit: KEIN Lauf heute - angestossen
!! Psychische Gesundheit: KEIN Lauf heute - angestossen
!! Onkologie: KEIN Lauf heute - angestossen
!! Kardiologie: KEIN Lauf heute - angestossen
!! Diabetes: KEIN Lauf heute - angestossen
-- Warte auf 15 Hub-Lauf/Laeufe, bevor der Sammelbericht angestossen wird.
-- Alle Hub-Laeufe durch nach 1:55 Minuten.
!! Sammelbericht: nach den Hub-Laeufen neu angestossen

Laufwache 30.09.2026 09:00
OK Versorgungsforschung: 06:20 Uhr gelaufen.
OK Hitze, Klima & Gesundheit: 06:20 Uhr gelaufen.
OK Digitalisierung, KI & Gesundheit: 06:20 Uhr gelaufen.
OK Pflege & Langzeitversorgung: 06:21 Uhr gelaufen.
OK Gesundes Altern & Longevity: 06:21 Uhr gelaufen.
OK Gesundheitskompetenz: 06:22 Uhr gelaufen.
OK Impfen & Impfpraevention: 06:22 Uhr gelaufen.
OK Nicht uebertragbare Krankheiten: 06:22 Uhr gelaufen.
OK Geschlechtersensible Medizin: 06:23 Uhr gelaufen.
OK Adipositas: 06:23 Uhr gelaufen.
OK Patientensicherheit: 06:23 Uhr gelaufen.
OK Psychische Gesundheit: 06:24 Uhr gelaufen.
OK Onkologie: 06:24 Uhr gelaufen.
OK Kardiologie: 06:24 Uhr gelaufen.
OK Diabetes: 06:25 Uhr gelaufen.
OK Sammelbericht: 06:29 Uhr gelaufen.

Laufwache 01.10.2026 06:00
!! Versorgungsforschung: KEIN Lauf heute - angestossen
!! Hitze, Klima & Gesundheit: KEIN Lauf heute - angestossen
!! Digitalisierung, KI & Gesundheit: KEIN Lauf heute - angestossen
!! Pflege & Langzeitversorgung: KEIN Lauf heute - angestossen
!! Gesundes Altern & Longevity: KEIN Lauf heute - angestossen
!! Gesundheitskompetenz: KEIN Lauf heute - angestossen
!! Impfen & Impfpraevention: KEIN Lauf heute - angestossen
!! Nicht uebertragbare Krankheiten: KEIN Lauf heute - angestossen
!! Geschlechtersensible Medizin: KEIN Lauf heute - angestossen
!! Adipositas: KEIN Lauf heute - angestossen
!! Patientensicherheit: KEIN Lauf heute - angestossen
!! Psychische Gesundheit: KEIN Lauf heute - angestossen
!! Onkologie: KEIN Lauf heute - angestossen
!! Kardiologie: KEIN Lauf heute - angestossen
!! Diabetes: KEIN Lauf heute - angestossen
-- Warte auf 15 Hub-Lauf/Laeufe, bevor der Sammelbericht angestossen wird.
-- Alle Hub-Laeufe durch nach 3:27 Minuten.
!! Sammelbericht: nach den Hub-Laeufen neu angestossen

Laufwache 01.10.2026 09:00
OK Versorgungsforschung: 06:20 Uhr gelaufen.
OK Hitze, Klima & Gesundheit: 06:20 Uhr gelaufen.
OK Digitalisierung, KI & Gesundheit: 06:20 Uhr gelaufen.
OK Pflege & Langzeitversorgung: 06:21 Uhr gelaufen.
OK Gesundes Altern & Longevity: 06:21 Uhr gelaufen.
OK Gesundheitskompetenz: 06:21 Uhr gelaufen.
OK Impfen & Impfpraevention: 06:22 Uhr gelaufen.
OK Nicht uebertragbare Krankheiten: 06:22 Uhr gelaufen.
OK Geschlechtersensible Medizin: 06:23 Uhr gelaufen.
OK Adipositas: 06:23 Uhr gelaufen.
OK Patientensicherheit: 06:23 Uhr gelaufen.
OK Psychische Gesundheit: 06:24 Uhr gelaufen.
OK Onkologie: 06:24 Uhr gelaufen.
OK Kardiologie: 07:46 Uhr gelaufen.
OK Diabetes: 06:25 Uhr gelaufen.
OK Sammelbericht: 06:29 Uhr gelaufen.

Laufwache 02.10.2026 06:00
!! Versorgungsforschung: KEIN Lauf heute - angestossen
!! Hitze, Klima & Gesundheit: KEIN Lauf heute - angestossen
!! Digitalisierung, KI & Gesundheit: KEIN Lauf heute - angestossen
!! Pflege & Langzeitversorgung: KEIN Lauf heute - angestossen
!! Gesundes Altern & Longevity: KEIN Lauf heute - angestossen
!! Gesundheitskompetenz: KEIN Lauf heute - angestossen
!! Impfen & Impfpraevention: KEIN Lauf heute - angestossen
!! Nicht uebertragbare Krankheiten: KEIN Lauf heute - angestossen
!! Geschlechtersensible Medizin: KEIN Lauf heute - angestossen
!! Adipositas: KEIN Lauf heute - angestossen
!! Patientensicherheit: KEIN Lauf heute - angestossen
!! Psychische Gesundheit: KEIN Lauf heute - angestossen
!! Onkologie: KEIN Lauf heute - angestossen
!! Kardiologie: KEIN Lauf heute - angestossen
!! Diabetes: KEIN Lauf heute - angestossen
-- Warte auf 15 Hub-Lauf/Laeufe, bevor der Sammelbericht angestossen wird.
-- Alle Hub-Laeufe durch nach 1:56 Minuten.
!! Sammelbericht: nach den Hub-Laeufen neu angestossen

Laufwache 02.10.2026 09:00
OK Versorgungsforschung: 06:20 Uhr gelaufen.
OK Hitze, Klima & Gesundheit: 06:20 Uhr gelaufen.
OK Digitalisierung, KI & Gesundheit: 06:20 Uhr gelaufen.
OK Pflege & Langzeitversorgung: 06:21 Uhr gelaufen.
OK Gesundes Altern & Longevity: 06:21 Uhr gelaufen.
OK Gesundheitskompetenz: 06:22 Uhr gelaufen.
OK Impfen & Impfpraevention: 06:22 Uhr gelaufen.
OK Nicht uebertragbare Krankheiten: 06:22 Uhr gelaufen.
OK Geschlechtersensible Medizin: 06:23 Uhr gelaufen.
OK Adipositas: 06:23 Uhr gelaufen.
OK Patientensicherheit: 06:23 Uhr gelaufen.
OK Psychische Gesundheit: 06:24 Uhr gelaufen.
OK Onkologie: 06:24 Uhr gelaufen.
OK Kardiologie: 06:24 Uhr gelaufen.
OK Diabetes: 06:25 Uhr gelaufen.
OK Sammelbericht: 06:29 Uhr gelaufen.

Laufwache 03.10.2026 09:11
OK Versorgungsforschung: 06:20 Uhr gelaufen.
OK Hitze, Klima & Gesundheit: 06:21 Uhr gelaufen.
OK Digitalisierung, KI & Gesundheit: 06:21 Uhr gelaufen.
OK Pflege & Langzeitversorgung: 06:21 Uhr gelaufen.
OK Gesundes Altern & Longevity: 06:22 Uhr gelaufen.
OK Gesundheitskompetenz: 06:22 Uhr gelaufen.
OK Impfen & Impfpraevention: 06:22 Uhr gelaufen.
!! Nicht uebertragbare Krankheiten: fehlgeschlagen - angestossen
OK Geschlechtersensible Medizin: 06:23 Uhr gelaufen.
OK Adipositas: 06:24 Uhr gelaufen.
OK Patientensicherheit: 06:24 Uhr gelaufen.
OK Psychische Gesundheit: 06:24 Uhr gelaufen.
OK Onkologie: 06:25 Uhr gelaufen.
OK Kardiologie: 06:25 Uhr gelaufen.
OK Diabetes: 06:25 Uhr gelaufen.
-- Warte auf 1 Hub-Lauf/Laeufe, bevor der Sammelbericht angestossen wird.
-- Alle Hub-Laeufe durch nach 1:32 Minuten.
!! Sammelbericht: nach den Hub-Laeufen neu angestossen

Laufwache 04.10.2026 06:00
!! Versorgungsforschung: KEIN Lauf heute - angestossen
!! Hitze, Klima & Gesundheit: KEIN Lauf heute - angestossen
!! Digitalisierung, KI & Gesundheit: KEIN Lauf heute - angestossen
!! Pflege & Langzeitversorgung: KEIN Lauf heute - angestossen
!! Gesundes Altern & Longevity: KEIN Lauf heute - angestossen
!! Gesundheitskompetenz: KEIN Lauf heute - angestossen
!! Impfen & Impfpraevention: KEIN Lauf heute - angestossen
!! Nicht uebertragbare Krankheiten: KEIN Lauf heute - angestossen
!! Geschlechtersensible Medizin: KEIN Lauf heute - angestossen
!! Adipositas: KEIN Lauf heute - angestossen
!! Patientensicherheit: KEIN Lauf heute - angestossen
!! Psychische Gesundheit: KEIN Lauf heute - angestossen
!! Onkologie: KEIN Lauf heute - angestossen
!! Kardiologie: KEIN Lauf heute - angestossen
!! Diabetes: KEIN Lauf heute - angestossen
-- Warte auf 15 Hub-Lauf/Laeufe, bevor der Sammelbericht angestossen wird.
-- Alle Hub-Laeufe durch nach 1:46 Minuten.
!! Sammelbericht: nach den Hub-Laeufen neu angestossen

Laufwache 04.10.2026 09:00
OK Versorgungsforschung: 06:20 Uhr gelaufen.
OK Hitze, Klima & Gesundheit: 06:20 Uhr gelaufen.
OK Digitalisierung, KI & Gesundheit: 06:20 Uhr gelaufen.
OK Pflege & Langzeitversorgung: 06:21 Uhr gelaufen.
OK Gesundes Altern & Longevity: 06:21 Uhr gelaufen.
OK Gesundheitskompetenz: 06:21 Uhr gelaufen.
OK Impfen & Impfpraevention: 06:22 Uhr gelaufen.
OK Nicht uebertragbare Krankheiten: 06:22 Uhr gelaufen.
OK Geschlechtersensible Medizin: 06:23 Uhr gelaufen.
OK Adipositas: 06:23 Uhr gelaufen.
OK Patientensicherheit: 06:23 Uhr gelaufen.
OK Psychische Gesundheit: 06:24 Uhr gelaufen.
OK Onkologie: 06:24 Uhr gelaufen.
OK Kardiologie: 06:24 Uhr gelaufen.
OK Diabetes: 06:25 Uhr gelaufen.
OK Sammelbericht: 06:29 Uhr gelaufen.

Laufwache 05.10.2026 08:35
OK Versorgungsforschung: 06:20 Uhr gelaufen.
OK Hitze, Klima & Gesundheit: 06:20 Uhr gelaufen.
OK Digitalisierung, KI & Gesundheit: 06:20 Uhr gelaufen.
OK Pflege & Langzeitversorgung: 06:21 Uhr gelaufen.
OK Gesundes Altern & Longevity: 06:21 Uhr gelaufen.
OK Gesundheitskompetenz: 06:22 Uhr gelaufen.
OK Impfen & Impfpraevention: 06:22 Uhr gelaufen.
OK Nicht uebertragbare Krankheiten: 06:22 Uhr gelaufen.
OK Geschlechtersensible Medizin: 06:23 Uhr gelaufen.
OK Adipositas: 06:23 Uhr gelaufen.
OK Patientensicherheit: 06:23 Uhr gelaufen.
OK Psychische Gesundheit: 06:24 Uhr gelaufen.
OK Onkologie: 06:24 Uhr gelaufen.
OK Kardiologie: 06:24 Uhr gelaufen.
OK Diabetes: 06:25 Uhr gelaufen.
OK Sammelbericht: 06:29 Uhr gelaufen.

Laufwache 05.10.2026 09:00
OK Versorgungsforschung: 06:20 Uhr gelaufen.
OK Hitze, Klima & Gesundheit: 06:20 Uhr gelaufen.
OK Digitalisierung, KI & Gesundheit: 06:20 Uhr gelaufen.
OK Pflege & Langzeitversorgung: 06:21 Uhr gelaufen.
OK Gesundes Altern & Longevity: 06:21 Uhr gelaufen.
OK Gesundheitskompetenz: 06:22 Uhr gelaufen.
OK Impfen & Impfpraevention: 06:22 Uhr gelaufen.
OK Nicht uebertragbare Krankheiten: 06:22 Uhr gelaufen.
OK Geschlechtersensible Medizin: 06:23 Uhr gelaufen.
OK Adipositas: 06:23 Uhr gelaufen.
OK Patientensicherheit: 06:23 Uhr gelaufen.
OK Psychische Gesundheit: 06:24 Uhr gelaufen.
OK Onkologie: 06:24 Uhr gelaufen.
OK Kardiologie: 06:24 Uhr gelaufen.
OK Diabetes: 06:25 Uhr gelaufen.
OK Sammelbericht: 06:29 Uhr gelaufen.

